C51 COMPILER V9.59.0.0   BSP_LED                                                           10/07/2018 08:17:26 PAGE 1   


C51 COMPILER V9.59.0.0, COMPILATION OF MODULE BSP_LED
OBJECT MODULE PLACED IN .\Objects\bsp_led.obj
COMPILER INVOKED BY: D:\keil4\C51\BIN\C51.EXE ..\bsp\bsp_led.c OPTIMIZE(8,SPEED) BROWSE INCDIR(..\user;..\lib;..\bsp;..\
                    -TimeOut) DEBUG OBJECTEXTEND PRINT(.\Listings\bsp_led.lst) TABS(2) OBJECT(.\Objects\bsp_led.obj)

line level    source

   1          #include "bsp_led.h"
   2          
   3          
   4          
   5          unsigned char Led_Init(unsigned char sum)
   6          {
   7   1        unsigned char i;
   8   1        for(i = 0;i < sum;i++)
   9   1        {
  10   2          P0CON |= 0X01;
  11   2          P0PH  &= ~0X01;
  12   2        }
  13   1        if(i != sum)
  14   1        {
  15   2          return LED_ERROR;
  16   2        }
  17   1        else
  18   1        {
  19   2          return LED_SUCCESS;
  20   2        }
  21   1      }
  22          
  23          void BackCall_Led_Init(unsigned char n,unsigned char (* ptr)(unsigned char))
  24          {
  25   1        (* ptr)(n);
  26   1      }
  27          
  28          
  29          unsigned char Led_Open(unsigned char Open)
  30          {
  31   1        unsigned char j;
  32   1        for(j = 0;j < Open;j++)
  33   1        {
  34   2          Led_Set(Open);
  35   2        }
  36   1        if(j != Open)
  37   1        {
  38   2          return LED_ERROR;
  39   2        }
  40   1        else
  41   1        {
  42   2          return LED_SUCCESS;
  43   2        }
  44   1        
  45   1      }
  46          
  47          unsigned char Led_Close(unsigned char Close)
  48          {
  49   1        unsigned char z = 1;
  50   1        for(z = 1;z >  Close;z--)
  51   1        {
  52   2          Led_Set(Close);
  53   2        }
  54   1        if(z != Close)
C51 COMPILER V9.59.0.0   BSP_LED                                                           10/07/2018 08:17:26 PAGE 2   

  55   1        {
  56   2          return LED_ERROR;
  57   2        }
  58   1        else
  59   1        {
  60   2          return LED_SUCCESS;
  61   2        }
  62   1      }
  63          
  64          


MODULE INFORMATION:   STATIC OVERLAYABLE
   CODE SIZE        =     91    ----
   CONSTANT SIZE    =   ----    ----
   XDATA SIZE       =   ----    ----
   PDATA SIZE       =   ----    ----
   DATA SIZE        =   ----    ----
   IDATA SIZE       =   ----    ----
   BIT SIZE         =   ----    ----
END OF MODULE INFORMATION.


C51 COMPILATION COMPLETE.  0 WARNING(S),  0 ERROR(S)
